2026-06-02 11:31:25,020 DEBUG - 22.748ms,make_request:getBlockNumber,sendbyts:70
2026-06-02 11:31:25,024 DEBUG - 26.860ms,commonrequest:getBlockNumber:DONE
2026-06-02 11:31:25,826 DEBUG - 17.750ms,make_request:sendRawTransaction,sendbyts:24424
2026-06-02 11:31:25,826 DEBUG - 17.750ms,commonrequest:sendRawTransaction:DONE
2026-06-02 11:31:25,841 DEBUG - 15.022ms,make_request:getTransactionReceipt,sendbyts:147
2026-06-02 11:31:25,841 DEBUG - 15.022ms,commonrequest:getTransactionReceipt:DONE
2026-06-02 11:31:26,848 DEBUG - 6.073ms,make_request:getTransactionReceipt,sendbyts:147
2026-06-02 11:31:26,858 DEBUG - 16.322ms,commonrequest:getTransactionReceipt:DONE
2026-06-02 11:31:26,858 DEBUG - 1860.993ms,sendRawTransactionGetReceipt,DONE
2026-06-02 11:31:50,548 DEBUG - 24.732ms,make_request:getBlockNumber,sendbyts:70
2026-06-02 11:31:50,548 DEBUG - 25.232ms,commonrequest:getBlockNumber:DONE
2026-06-02 11:31:50,553 DEBUG - 4.002ms,make_request:getBlockNumber,sendbyts:70
2026-06-02 11:31:50,553 DEBUG - 4.502ms,commonrequest:getBlockNumber:DONE
2026-06-02 11:31:50,570 DEBUG - 17.604ms,make_request:getBlockByNumber,sendbyts:86
2026-06-02 11:31:50,570 DEBUG - 17.604ms,commonrequest:getBlockByNumber:DONE
2026-06-02 11:31:50,591 DEBUG - 17.198ms,make_request:getBlockByNumber,sendbyts:86
2026-06-02 11:31:50,591 DEBUG - 17.198ms,commonrequest:getBlockByNumber:DONE
2026-06-02 11:31:50,609 DEBUG - 15.110ms,make_request:getBlockByNumber,sendbyts:86
2026-06-02 11:31:50,610 DEBUG - 16.114ms,commonrequest:getBlockByNumber:DONE
2026-06-02 11:31:50,627 DEBUG - 15.669ms,make_request:getBlockByNumber,sendbyts:86
2026-06-02 11:31:50,628 DEBUG - 16.178ms,commonrequest:getBlockByNumber:DONE
2026-06-02 11:31:50,646 DEBUG - 16.655ms,make_request:getBlockByNumber,sendbyts:86
2026-06-02 11:31:50,646 DEBUG - 17.660ms,commonrequest:getBlockByNumber:DONE
2026-06-02 11:32:38,609 DEBUG - 3.528ms,make_request:getBlockNumber,sendbyts:70
2026-06-02 11:32:38,609 DEBUG - 3.528ms,commonrequest:getBlockNumber:DONE
2026-06-02 11:32:38,615 DEBUG - 3.523ms,make_request:getBlockNumber,sendbyts:70
2026-06-02 11:32:38,616 DEBUG - 4.528ms,commonrequest:getBlockNumber:DONE
2026-06-02 11:32:39,463 DEBUG - 15.630ms,make_request:sendRawTransaction,sendbyts:1408
2026-06-02 11:32:39,463 DEBUG - 15.630ms,commonrequest:sendRawTransaction:DONE
2026-06-02 11:32:39,478 DEBUG - 15.185ms,make_request:getTransactionReceipt,sendbyts:148
2026-06-02 11:32:39,478 DEBUG - 15.185ms,commonrequest:getTransactionReceipt:DONE
2026-06-02 11:32:40,493 DEBUG - 6.108ms,make_request:getTransactionReceipt,sendbyts:148
2026-06-02 11:32:40,494 DEBUG - 6.108ms,commonrequest:getTransactionReceipt:DONE
2026-06-02 11:32:40,494 DEBUG - 1884.052ms,sendRawTransactionGetReceipt,DONE
2026-06-02 11:32:40,535 DEBUG - 4.025ms,make_request:getBlockNumber,sendbyts:71
2026-06-02 11:32:40,535 DEBUG - 4.025ms,commonrequest:getBlockNumber:DONE
2026-06-02 11:32:40,553 DEBUG - 18.168ms,make_request:call,sendbyts:395
2026-06-02 11:32:40,554 DEBUG - 19.175ms,commonrequest:call:DONE
2026-06-02 11:32:40,570 DEBUG - 15.114ms,make_request:call,sendbyts:395
2026-06-02 11:32:40,571 DEBUG - 16.119ms,commonrequest:call:DONE
2026-06-02 11:32:59,250 DEBUG - 3.503ms,make_request:getBlockNumber,sendbyts:71
2026-06-02 11:32:59,250 DEBUG - 3.503ms,commonrequest:getBlockNumber:DONE
2026-06-02 11:32:59,257 DEBUG - 5.778ms,make_request:call,sendbyts:395
2026-06-02 11:32:59,257 DEBUG - 5.778ms,commonrequest:call:DONE
2026-06-02 11:32:59,263 DEBUG - 4.073ms,make_request:call,sendbyts:395
2026-06-02 11:32:59,263 DEBUG - 4.073ms,commonrequest:call:DONE
2026-06-02 11:33:07,457 DEBUG - 4.520ms,make_request:getBlockNumber,sendbyts:71
2026-06-02 11:33:07,457 DEBUG - 4.520ms,commonrequest:getBlockNumber:DONE
2026-06-02 11:33:07,462 DEBUG - 3.515ms,make_request:getBlockNumber,sendbyts:71
2026-06-02 11:33:07,463 DEBUG - 4.520ms,commonrequest:getBlockNumber:DONE
2026-06-02 11:33:07,487 DEBUG - 15.593ms,make_request:sendRawTransaction,sendbyts:767
2026-06-02 11:33:07,488 DEBUG - 16.598ms,commonrequest:sendRawTransaction:DONE
2026-06-02 11:33:07,503 DEBUG - 15.615ms,make_request:getTransactionReceipt,sendbyts:148
2026-06-02 11:33:07,504 DEBUG - 16.122ms,commonrequest:getTransactionReceipt:DONE
2026-06-02 11:33:08,509 DEBUG - 5.050ms,make_request:getTransactionReceipt,sendbyts:148
2026-06-02 11:33:08,509 DEBUG - 5.050ms,commonrequest:getTransactionReceipt:DONE
2026-06-02 11:33:08,509 DEBUG - 1051.253ms,sendRawTransactionGetReceipt,DONE
2026-06-02 11:33:08,837 DEBUG - 4.012ms,make_request:getBlockNumber,sendbyts:71
2026-06-02 11:33:08,837 DEBUG - 5.016ms,commonrequest:getBlockNumber:DONE
2026-06-02 11:33:08,843 DEBUG - 4.518ms,make_request:call,sendbyts:395
2026-06-02 11:33:08,843 DEBUG - 5.026ms,commonrequest:call:DONE
2026-06-02 11:33:08,848 DEBUG - 4.533ms,make_request:call,sendbyts:395
2026-06-02 11:33:08,848 DEBUG - 4.533ms,commonrequest:call:DONE
2026-06-02 11:33:08,866 DEBUG - 17.156ms,make_request:call,sendbyts:459
2026-06-02 11:33:08,866 DEBUG - 18.165ms,commonrequest:call:DONE
2026-06-02 11:33:08,874 DEBUG - 7.051ms,make_request:call,sendbyts:395
2026-06-02 11:33:08,874 DEBUG - 7.051ms,commonrequest:call:DONE
2026-06-02 11:33:16,419 DEBUG - 4.039ms,make_request:getBlockNumber,sendbyts:71
2026-06-02 11:33:16,419 DEBUG - 4.039ms,commonrequest:getBlockNumber:DONE
2026-06-02 11:33:16,427 DEBUG - 3.572ms,make_request:getBlockNumber,sendbyts:71
2026-06-02 11:33:16,427 DEBUG - 4.579ms,commonrequest:getBlockNumber:DONE
2026-06-02 11:33:16,451 DEBUG - 16.671ms,make_request:sendRawTransaction,sendbyts:509
2026-06-02 11:33:16,452 DEBUG - 17.173ms,commonrequest:sendRawTransaction:DONE
2026-06-02 11:33:16,469 DEBUG - 17.089ms,make_request:getTransactionReceipt,sendbyts:148
2026-06-02 11:33:16,469 DEBUG - 17.588ms,commonrequest:getTransactionReceipt:DONE
2026-06-02 11:33:17,475 DEBUG - 4.534ms,make_request:getTransactionReceipt,sendbyts:148
2026-06-02 11:33:17,475 DEBUG - 4.534ms,commonrequest:getTransactionReceipt:DONE
2026-06-02 11:33:17,475 DEBUG - 1052.562ms,sendRawTransactionGetReceipt,DONE
2026-06-02 11:33:19,952 DEBUG - 5.161ms,make_request:getBlockNumber,sendbyts:71
2026-06-02 11:33:19,952 DEBUG - 5.161ms,commonrequest:getBlockNumber:DONE
2026-06-02 11:33:19,957 DEBUG - 3.529ms,make_request:getBlockNumber,sendbyts:71
2026-06-02 11:33:19,957 DEBUG - 5.040ms,commonrequest:getBlockNumber:DONE
2026-06-02 11:33:19,963 DEBUG - 5.535ms,make_request:getBlockByNumber,sendbyts:87
2026-06-02 11:33:19,963 DEBUG - 5.535ms,commonrequest:getBlockByNumber:DONE
2026-06-02 11:33:19,971 DEBUG - 7.105ms,make_request:getBlockByNumber,sendbyts:87
2026-06-02 11:33:19,972 DEBUG - 8.110ms,commonrequest:getBlockByNumber:DONE
2026-06-02 11:33:19,988 DEBUG - 16.644ms,make_request:getBlockByNumber,sendbyts:87
2026-06-02 11:33:19,989 DEBUG - 17.145ms,commonrequest:getBlockByNumber:DONE
2026-06-02 11:33:20,007 DEBUG - 15.996ms,make_request:getBlockByNumber,sendbyts:87
2026-06-02 11:33:20,007 DEBUG - 17.000ms,commonrequest:getBlockByNumber:DONE
2026-06-02 11:33:20,034 DEBUG - 23.934ms,make_request:getBlockByNumber,sendbyts:87
2026-06-02 11:33:20,034 DEBUG - 23.934ms,commonrequest:getBlockByNumber:DONE
2026-06-02 11:33:36,769 DEBUG - 5.541ms,make_request:getBlockNumber,sendbyts:71
2026-06-02 11:33:36,769 DEBUG - 5.541ms,commonrequest:getBlockNumber:DONE
2026-06-02 11:33:36,787 DEBUG - 16.807ms,make_request:call,sendbyts:395
2026-06-02 11:33:36,787 DEBUG - 16.807ms,commonrequest:call:DONE
2026-06-02 11:33:36,805 DEBUG - 17.133ms,make_request:call,sendbyts:395
2026-06-02 11:33:36,805 DEBUG - 17.133ms,commonrequest:call:DONE
2026-06-02 11:33:36,826 DEBUG - 17.681ms,make_request:call,sendbyts:459
2026-06-02 11:33:36,826 DEBUG - 17.681ms,commonrequest:call:DONE
2026-06-02 11:33:36,842 DEBUG - 15.625ms,make_request:call,sendbyts:395
2026-06-02 11:33:36,843 DEBUG - 16.129ms,commonrequest:call:DONE
2026-06-02 11:33:41,913 DEBUG - 5.040ms,make_request:getBlockNumber,sendbyts:71
2026-06-02 11:33:41,913 DEBUG - 5.040ms,commonrequest:getBlockNumber:DONE
2026-06-02 11:33:41,919 DEBUG - 4.535ms,make_request:getBlockNumber,sendbyts:71
2026-06-02 11:33:41,919 DEBUG - 5.100ms,commonrequest:getBlockNumber:DONE
2026-06-02 11:33:41,945 DEBUG - 17.273ms,make_request:sendRawTransaction,sendbyts:767
2026-06-02 11:33:41,945 DEBUG - 17.273ms,commonrequest:sendRawTransaction:DONE
2026-06-02 11:33:41,962 DEBUG - 16.569ms,make_request:getTransactionReceipt,sendbyts:148
2026-06-02 11:33:41,962 DEBUG - 17.076ms,commonrequest:getTransactionReceipt:DONE
2026-06-02 11:33:42,968 DEBUG - 5.045ms,make_request:getTransactionReceipt,sendbyts:148
2026-06-02 11:33:42,969 DEBUG - 5.550ms,commonrequest:getTransactionReceipt:DONE
2026-06-02 11:33:42,969 DEBUG - 1056.176ms,sendRawTransactionGetReceipt,DONE
2026-06-02 11:33:43,019 DEBUG - 3.571ms,make_request:getBlockNumber,sendbyts:71
2026-06-02 11:33:43,020 DEBUG - 4.577ms,commonrequest:getBlockNumber:DONE
2026-06-02 11:33:43,026 DEBUG - 5.543ms,make_request:call,sendbyts:395
2026-06-02 11:33:43,026 DEBUG - 5.543ms,commonrequest:call:DONE
2026-06-02 11:33:43,033 DEBUG - 5.743ms,make_request:call,sendbyts:395
2026-06-02 11:33:43,033 DEBUG - 5.743ms,commonrequest:call:DONE
2026-06-02 11:33:43,039 DEBUG - 5.561ms,make_request:call,sendbyts:459
2026-06-02 11:33:43,039 DEBUG - 6.103ms,commonrequest:call:DONE
2026-06-02 11:33:43,046 DEBUG - 5.544ms,make_request:call,sendbyts:395
2026-06-02 11:33:43,046 DEBUG - 6.053ms,commonrequest:call:DONE
2026-06-02 11:33:43,066 DEBUG - 17.625ms,make_request:call,sendbyts:459
2026-06-02 11:33:43,066 DEBUG - 18.131ms,commonrequest:call:DONE
2026-06-02 11:33:43,083 DEBUG - 17.200ms,make_request:call,sendbyts:395
2026-06-02 11:33:43,083 DEBUG - 17.200ms,commonrequest:call:DONE
2026-06-02 11:33:46,784 DEBUG - 4.244ms,make_request:getBlockNumber,sendbyts:71
2026-06-02 11:33:46,784 DEBUG - 4.244ms,commonrequest:getBlockNumber:DONE
2026-06-02 11:33:46,792 DEBUG - 4.018ms,make_request:getBlockNumber,sendbyts:71
2026-06-02 11:33:46,792 DEBUG - 4.018ms,commonrequest:getBlockNumber:DONE
2026-06-02 11:33:46,816 DEBUG - 15.661ms,make_request:sendRawTransaction,sendbyts:509
2026-06-02 11:33:46,816 DEBUG - 16.662ms,commonrequest:sendRawTransaction:DONE
2026-06-02 11:33:46,833 DEBUG - 17.139ms,make_request:getTransactionReceipt,sendbyts:148
2026-06-02 11:33:46,833 DEBUG - 17.139ms,commonrequest:getTransactionReceipt:DONE
2026-06-02 11:33:47,839 DEBUG - 4.081ms,make_request:getTransactionReceipt,sendbyts:148
2026-06-02 11:33:47,840 DEBUG - 4.590ms,commonrequest:getTransactionReceipt:DONE
2026-06-02 11:33:47,840 DEBUG - 1052.830ms,sendRawTransactionGetReceipt,DONE
2026-06-02 11:33:47,871 DEBUG - 3.522ms,make_request:getBlockNumber,sendbyts:71
2026-06-02 11:33:47,872 DEBUG - 4.569ms,commonrequest:getBlockNumber:DONE
2026-06-02 11:33:47,889 DEBUG - 16.119ms,make_request:call,sendbyts:395
2026-06-02 11:33:47,889 DEBUG - 16.621ms,commonrequest:call:DONE
2026-06-02 11:33:47,907 DEBUG - 16.565ms,make_request:call,sendbyts:395
2026-06-02 11:33:47,907 DEBUG - 16.565ms,commonrequest:call:DONE
2026-06-02 11:33:47,924 DEBUG - 16.342ms,make_request:call,sendbyts:459
2026-06-02 11:33:47,924 DEBUG - 16.342ms,commonrequest:call:DONE
2026-06-02 11:33:47,932 DEBUG - 7.178ms,make_request:call,sendbyts:395
2026-06-02 11:33:47,932 DEBUG - 7.178ms,commonrequest:call:DONE
2026-06-02 11:33:47,948 DEBUG - 15.346ms,make_request:call,sendbyts:459
2026-06-02 11:33:47,948 DEBUG - 15.346ms,commonrequest:call:DONE
2026-06-02 11:33:47,966 DEBUG - 16.629ms,make_request:call,sendbyts:395
2026-06-02 11:33:47,966 DEBUG - 16.629ms,commonrequest:call:DONE
2026-06-02 11:33:50,143 DEBUG - 5.541ms,make_request:getBlockNumber,sendbyts:71
2026-06-02 11:33:50,143 DEBUG - 5.541ms,commonrequest:getBlockNumber:DONE
2026-06-02 11:33:50,148 DEBUG - 4.539ms,make_request:getBlockNumber,sendbyts:71
2026-06-02 11:33:50,148 DEBUG - 4.539ms,commonrequest:getBlockNumber:DONE
2026-06-02 11:33:50,154 DEBUG - 5.524ms,make_request:getBlockByNumber,sendbyts:87
2026-06-02 11:33:50,154 DEBUG - 6.533ms,commonrequest:getBlockByNumber:DONE
2026-06-02 11:33:50,172 DEBUG - 17.285ms,make_request:getBlockByNumber,sendbyts:87
2026-06-02 11:33:50,172 DEBUG - 17.285ms,commonrequest:getBlockByNumber:DONE
2026-06-02 11:33:50,192 DEBUG - 16.342ms,make_request:getBlockByNumber,sendbyts:87
2026-06-02 11:33:50,192 DEBUG - 16.342ms,commonrequest:getBlockByNumber:DONE
2026-06-02 11:33:50,208 DEBUG - 15.107ms,make_request:getBlockByNumber,sendbyts:87
2026-06-02 11:33:50,209 DEBUG - 16.115ms,commonrequest:getBlockByNumber:DONE
2026-06-02 11:33:50,229 DEBUG - 16.609ms,make_request:getBlockByNumber,sendbyts:87
2026-06-02 11:33:50,230 DEBUG - 17.116ms,commonrequest:getBlockByNumber:DONE
2026-06-02 11:34:48,199 DEBUG - 6.018ms,make_request:getBlockNumber,sendbyts:71
2026-06-02 11:34:48,199 DEBUG - 6.018ms,commonrequest:getBlockNumber:DONE
2026-06-02 11:34:48,203 DEBUG - 4.029ms,make_request:getBlockNumber,sendbyts:71
2026-06-02 11:34:48,204 DEBUG - 4.570ms,commonrequest:getBlockNumber:DONE
2026-06-02 11:34:48,220 DEBUG - 16.133ms,make_request:getBlockByNumber,sendbyts:87
2026-06-02 11:34:48,229 DEBUG - 25.113ms,commonrequest:getBlockByNumber:DONE
2026-06-02 11:34:48,248 DEBUG - 15.667ms,make_request:getBlockByNumber,sendbyts:87
2026-06-02 11:34:48,249 DEBUG - 16.673ms,commonrequest:getBlockByNumber:DONE
2026-06-02 11:34:48,257 DEBUG - 6.057ms,make_request:getBlockByNumber,sendbyts:87
2026-06-02 11:34:48,258 DEBUG - 6.057ms,commonrequest:getBlockByNumber:DONE
2026-06-02 11:34:48,277 DEBUG - 16.121ms,make_request:getBlockByNumber,sendbyts:87
2026-06-02 11:34:48,278 DEBUG - 17.150ms,commonrequest:getBlockByNumber:DONE
2026-06-02 11:34:48,296 DEBUG - 17.612ms,make_request:getBlockByNumber,sendbyts:87
2026-06-02 11:34:48,296 DEBUG - 18.126ms,commonrequest:getBlockByNumber:DONE
2026-06-02 11:34:50,073 DEBUG - 4.635ms,make_request:getBlockNumber,sendbyts:71
2026-06-02 11:34:50,074 DEBUG - 5.639ms,commonrequest:getBlockNumber:DONE
2026-06-02 11:34:50,077 DEBUG - 3.033ms,make_request:getBlockNumber,sendbyts:71
2026-06-02 11:34:50,078 DEBUG - 4.042ms,commonrequest:getBlockNumber:DONE
2026-06-02 11:34:50,094 DEBUG - 16.762ms,make_request:getBlockByNumber,sendbyts:87
2026-06-02 11:34:50,095 DEBUG - 17.262ms,commonrequest:getBlockByNumber:DONE
2026-06-02 11:34:50,112 DEBUG - 16.628ms,make_request:getBlockByNumber,sendbyts:87
2026-06-02 11:34:50,112 DEBUG - 16.628ms,commonrequest:getBlockByNumber:DONE
2026-06-02 11:34:50,131 DEBUG - 16.214ms,make_request:getBlockByNumber,sendbyts:87
2026-06-02 11:34:50,131 DEBUG - 16.721ms,commonrequest:getBlockByNumber:DONE
2026-06-02 11:34:50,147 DEBUG - 16.152ms,make_request:getBlockByNumber,sendbyts:87
2026-06-02 11:34:50,148 DEBUG - 17.158ms,commonrequest:getBlockByNumber:DONE
2026-06-02 11:34:50,168 DEBUG - 16.628ms,make_request:getBlockByNumber,sendbyts:87
2026-06-02 11:34:50,169 DEBUG - 18.140ms,commonrequest:getBlockByNumber:DONE
2026-06-02 11:37:11,705 DEBUG - 24.744ms,make_request:getBlockNumber,sendbyts:70
2026-06-02 11:37:11,707 DEBUG - 27.262ms,commonrequest:getBlockNumber:DONE
2026-06-02 11:37:11,716 DEBUG - 6.027ms,make_request:getBlockNumber,sendbyts:70
2026-06-02 11:37:11,716 DEBUG - 6.027ms,commonrequest:getBlockNumber:DONE
2026-06-02 11:37:12,428 DEBUG - 4.008ms,make_request:getBlockNumber,sendbyts:70
2026-06-02 11:37:12,429 DEBUG - 4.506ms,commonrequest:getBlockNumber:DONE
2026-06-02 11:37:12,625 DEBUG - 18.690ms,make_request:call,sendbyts:394
2026-06-02 11:37:12,625 DEBUG - 18.690ms,commonrequest:call:DONE
2026-06-02 11:37:12,626 DEBUG - 20.699ms,make_request:call,sendbyts:394
2026-06-02 11:37:12,626 DEBUG - 20.699ms,commonrequest:call:DONE
2026-06-02 11:37:12,645 DEBUG - 16.667ms,make_request:call,sendbyts:394
2026-06-02 11:37:12,645 DEBUG - 18.186ms,make_request:call,sendbyts:394
2026-06-02 11:37:12,646 DEBUG - 17.675ms,commonrequest:call:DONE
2026-06-02 11:37:12,646 DEBUG - 19.194ms,commonrequest:call:DONE
2026-06-02 11:37:12,655 DEBUG - 7.718ms,make_request:call,sendbyts:458
2026-06-02 11:37:12,656 DEBUG - 8.217ms,commonrequest:call:DONE
2026-06-02 11:37:12,666 DEBUG - 18.262ms,make_request:call,sendbyts:458
2026-06-02 11:37:12,666 DEBUG - 18.262ms,commonrequest:call:DONE
2026-06-02 11:37:12,674 DEBUG - 17.781ms,make_request:call,sendbyts:394
2026-06-02 11:37:12,674 DEBUG - 17.781ms,commonrequest:call:DONE
2026-06-02 11:37:12,685 DEBUG - 16.961ms,make_request:call,sendbyts:395
2026-06-02 11:37:12,685 DEBUG - 16.961ms,commonrequest:call:DONE
2026-06-02 11:37:12,692 DEBUG - 16.183ms,make_request:call,sendbyts:459
2026-06-02 11:37:12,693 DEBUG - 16.690ms,commonrequest:call:DONE
2026-06-02 11:37:12,702 DEBUG - 16.139ms,make_request:call,sendbyts:459
2026-06-02 11:37:12,702 DEBUG - 16.139ms,commonrequest:call:DONE
2026-06-02 11:37:12,710 DEBUG - 17.204ms,make_request:call,sendbyts:395
2026-06-02 11:37:12,710 DEBUG - 17.204ms,commonrequest:call:DONE
2026-06-02 11:37:12,722 DEBUG - 18.734ms,make_request:call,sendbyts:395
2026-06-02 11:37:12,723 DEBUG - 19.233ms,commonrequest:call:DONE
2026-06-02 11:37:13,244 DEBUG - 5.577ms,make_request:call,sendbyts:395
2026-06-02 11:37:13,244 DEBUG - 5.577ms,commonrequest:call:DONE
2026-06-02 11:37:13,250 DEBUG - 4.541ms,make_request:call,sendbyts:395
2026-06-02 11:37:13,250 DEBUG - 4.541ms,commonrequest:call:DONE
2026-06-02 11:37:13,256 DEBUG - 5.588ms,make_request:call,sendbyts:459
2026-06-02 11:37:13,257 DEBUG - 6.101ms,commonrequest:call:DONE
2026-06-02 11:37:13,262 DEBUG - 4.043ms,make_request:call,sendbyts:395
2026-06-02 11:37:13,263 DEBUG - 5.047ms,commonrequest:call:DONE
2026-06-02 11:37:13,269 DEBUG - 5.558ms,make_request:call,sendbyts:459
2026-06-02 11:37:13,269 DEBUG - 5.558ms,commonrequest:call:DONE
2026-06-02 11:37:13,276 DEBUG - 6.551ms,make_request:call,sendbyts:395
2026-06-02 11:37:13,276 DEBUG - 7.058ms,commonrequest:call:DONE
2026-06-02 11:37:16,880 DEBUG - 3.608ms,make_request:getBlockNumber,sendbyts:71
2026-06-02 11:37:16,880 DEBUG - 3.608ms,commonrequest:getBlockNumber:DONE
2026-06-02 11:37:16,884 DEBUG - 4.034ms,make_request:getBlockNumber,sendbyts:71
2026-06-02 11:37:16,884 DEBUG - 4.034ms,commonrequest:getBlockNumber:DONE
2026-06-02 11:37:16,901 DEBUG - 16.119ms,make_request:getBlockByNumber,sendbyts:87
2026-06-02 11:37:16,901 DEBUG - 16.119ms,commonrequest:getBlockByNumber:DONE
2026-06-02 11:37:16,917 DEBUG - 16.182ms,make_request:getBlockByNumber,sendbyts:87
2026-06-02 11:37:16,918 DEBUG - 16.680ms,commonrequest:getBlockByNumber:DONE
2026-06-02 11:37:16,937 DEBUG - 15.931ms,make_request:getBlockByNumber,sendbyts:87
2026-06-02 11:37:16,937 DEBUG - 15.931ms,commonrequest:getBlockByNumber:DONE
2026-06-02 11:37:16,955 DEBUG - 14.735ms,make_request:getBlockByNumber,sendbyts:87
2026-06-02 11:37:16,956 DEBUG - 15.741ms,commonrequest:getBlockByNumber:DONE
2026-06-02 11:37:16,975 DEBUG - 16.094ms,make_request:getBlockByNumber,sendbyts:87
2026-06-02 11:37:16,976 DEBUG - 16.600ms,commonrequest:getBlockByNumber:DONE
2026-06-02 11:38:27,232 DEBUG - 5.057ms,make_request:getBlockNumber,sendbyts:71
2026-06-02 11:38:27,233 DEBUG - 5.556ms,commonrequest:getBlockNumber:DONE
2026-06-02 11:38:27,237 DEBUG - 4.033ms,make_request:getBlockNumber,sendbyts:71
2026-06-02 11:38:27,237 DEBUG - 4.033ms,commonrequest:getBlockNumber:DONE
2026-06-02 11:38:27,245 DEBUG - 7.129ms,make_request:getBlockByNumber,sendbyts:87
2026-06-02 11:38:27,245 DEBUG - 8.134ms,commonrequest:getBlockByNumber:DONE
2026-06-02 11:38:27,265 DEBUG - 17.141ms,make_request:getBlockByNumber,sendbyts:87
2026-06-02 11:38:27,266 DEBUG - 18.148ms,commonrequest:getBlockByNumber:DONE
2026-06-02 11:38:27,286 DEBUG - 16.950ms,make_request:getBlockByNumber,sendbyts:87
2026-06-02 11:38:27,286 DEBUG - 16.950ms,commonrequest:getBlockByNumber:DONE
2026-06-02 11:38:27,305 DEBUG - 16.170ms,make_request:getBlockByNumber,sendbyts:87
2026-06-02 11:38:27,306 DEBUG - 16.675ms,commonrequest:getBlockByNumber:DONE
2026-06-02 11:38:27,313 DEBUG - 7.554ms,make_request:getBlockByNumber,sendbyts:87
2026-06-02 11:38:27,314 DEBUG - 8.053ms,commonrequest:getBlockByNumber:DONE
2026-06-02 11:38:30,663 DEBUG - 5.044ms,make_request:getBlockNumber,sendbyts:71
2026-06-02 11:38:30,663 DEBUG - 5.044ms,commonrequest:getBlockNumber:DONE
2026-06-02 11:38:30,667 DEBUG - 4.524ms,make_request:getBlockNumber,sendbyts:71
2026-06-02 11:38:30,668 DEBUG - 5.527ms,commonrequest:getBlockNumber:DONE
2026-06-02 11:38:30,686 DEBUG - 17.587ms,make_request:getBlockByNumber,sendbyts:87
2026-06-02 11:38:30,686 DEBUG - 18.093ms,commonrequest:getBlockByNumber:DONE
2026-06-02 11:38:30,703 DEBUG - 17.178ms,make_request:getBlockByNumber,sendbyts:87
2026-06-02 11:38:30,704 DEBUG - 17.686ms,commonrequest:getBlockByNumber:DONE
2026-06-02 11:38:30,723 DEBUG - 16.658ms,make_request:getBlockByNumber,sendbyts:87
2026-06-02 11:38:30,724 DEBUG - 17.157ms,commonrequest:getBlockByNumber:DONE
2026-06-02 11:38:30,743 DEBUG - 16.562ms,make_request:getBlockByNumber,sendbyts:87
2026-06-02 11:38:30,744 DEBUG - 17.566ms,commonrequest:getBlockByNumber:DONE
2026-06-02 11:38:30,765 DEBUG - 17.663ms,make_request:getBlockByNumber,sendbyts:87
2026-06-02 11:38:30,765 DEBUG - 17.663ms,commonrequest:getBlockByNumber:DONE
2026-06-02 11:42:08,266 DEBUG - 5.037ms,make_request:getBlockNumber,sendbyts:71
2026-06-02 11:42:08,266 DEBUG - 5.037ms,commonrequest:getBlockNumber:DONE
2026-06-02 11:42:08,272 DEBUG - 4.019ms,make_request:getBlockNumber,sendbyts:71
2026-06-02 11:42:08,272 DEBUG - 4.526ms,commonrequest:getBlockNumber:DONE
2026-06-02 11:42:08,300 DEBUG - 17.099ms,make_request:sendRawTransaction,sendbyts:1409
2026-06-02 11:42:08,301 DEBUG - 17.601ms,commonrequest:sendRawTransaction:DONE
2026-06-02 11:42:08,318 DEBUG - 17.618ms,make_request:getTransactionReceipt,sendbyts:148
2026-06-02 11:42:08,319 DEBUG - 18.116ms,commonrequest:getTransactionReceipt:DONE
2026-06-02 11:42:09,324 DEBUG - 4.566ms,make_request:getTransactionReceipt,sendbyts:148
2026-06-02 11:42:09,324 DEBUG - 4.566ms,commonrequest:getTransactionReceipt:DONE
2026-06-02 11:42:09,324 DEBUG - 1058.091ms,sendRawTransactionGetReceipt,DONE
2026-06-02 11:42:09,372 DEBUG - 4.526ms,make_request:getBlockNumber,sendbyts:71
2026-06-02 11:42:09,373 DEBUG - 5.030ms,commonrequest:getBlockNumber:DONE
2026-06-02 11:42:09,389 DEBUG - 15.157ms,make_request:call,sendbyts:395
2026-06-02 11:42:09,390 DEBUG - 16.164ms,commonrequest:call:DONE
2026-06-02 11:42:09,407 DEBUG - 16.625ms,make_request:call,sendbyts:395
2026-06-02 11:42:09,407 DEBUG - 17.127ms,commonrequest:call:DONE
2026-06-02 11:42:14,773 DEBUG - 4.529ms,make_request:getBlockNumber,sendbyts:71
2026-06-02 11:42:14,773 DEBUG - 4.529ms,commonrequest:getBlockNumber:DONE
2026-06-02 11:42:14,779 DEBUG - 5.027ms,make_request:call,sendbyts:395
2026-06-02 11:42:14,780 DEBUG - 6.032ms,commonrequest:call:DONE
2026-06-02 11:42:14,785 DEBUG - 5.037ms,make_request:call,sendbyts:395
2026-06-02 11:42:14,786 DEBUG - 5.037ms,commonrequest:call:DONE
2026-06-02 11:42:41,337 DEBUG - 4.582ms,make_request:getBlockNumber,sendbyts:71
2026-06-02 11:42:41,337 DEBUG - 4.582ms,commonrequest:getBlockNumber:DONE
2026-06-02 11:42:41,344 DEBUG - 5.541ms,make_request:call,sendbyts:395
2026-06-02 11:42:41,344 DEBUG - 6.048ms,commonrequest:call:DONE
2026-06-02 11:42:41,351 DEBUG - 5.041ms,make_request:call,sendbyts:395
2026-06-02 11:42:41,352 DEBUG - 6.046ms,commonrequest:call:DONE
2026-06-02 11:42:45,346 DEBUG - 4.513ms,make_request:getBlockNumber,sendbyts:71
2026-06-02 11:42:45,346 DEBUG - 4.513ms,commonrequest:getBlockNumber:DONE
2026-06-02 11:42:45,352 DEBUG - 4.529ms,make_request:getBlockNumber,sendbyts:71
2026-06-02 11:42:45,353 DEBUG - 5.036ms,commonrequest:getBlockNumber:DONE
2026-06-02 11:42:45,376 DEBUG - 15.610ms,make_request:sendRawTransaction,sendbyts:767
2026-06-02 11:42:45,376 DEBUG - 15.610ms,commonrequest:sendRawTransaction:DONE
2026-06-02 11:42:45,395 DEBUG - 18.187ms,make_request:getTransactionReceipt,sendbyts:148
2026-06-02 11:42:45,396 DEBUG - 19.701ms,commonrequest:getTransactionReceipt:DONE
2026-06-02 11:42:46,401 DEBUG - 4.538ms,make_request:getTransactionReceipt,sendbyts:148
2026-06-02 11:42:46,401 DEBUG - 4.538ms,commonrequest:getTransactionReceipt:DONE
2026-06-02 11:42:46,401 DEBUG - 1053.670ms,sendRawTransactionGetReceipt,DONE
2026-06-02 11:42:46,449 DEBUG - 5.099ms,make_request:getBlockNumber,sendbyts:71
2026-06-02 11:42:46,449 DEBUG - 5.608ms,commonrequest:getBlockNumber:DONE
2026-06-02 11:42:46,455 DEBUG - 5.538ms,make_request:call,sendbyts:395
2026-06-02 11:42:46,455 DEBUG - 6.044ms,commonrequest:call:DONE
2026-06-02 11:42:46,460 DEBUG - 5.077ms,make_request:call,sendbyts:395
2026-06-02 11:42:46,460 DEBUG - 5.077ms,commonrequest:call:DONE
2026-06-02 11:42:46,478 DEBUG - 16.173ms,make_request:call,sendbyts:459
2026-06-02 11:42:46,478 DEBUG - 16.173ms,commonrequest:call:DONE
2026-06-02 11:42:46,484 DEBUG - 5.535ms,make_request:call,sendbyts:395
2026-06-02 11:42:46,484 DEBUG - 5.535ms,commonrequest:call:DONE
2026-06-02 11:42:52,470 DEBUG - 4.173ms,make_request:getBlockNumber,sendbyts:71
2026-06-02 11:42:52,471 DEBUG - 5.270ms,commonrequest:getBlockNumber:DONE
2026-06-02 11:42:52,478 DEBUG - 6.680ms,make_request:call,sendbyts:395
2026-06-02 11:42:52,478 DEBUG - 6.680ms,commonrequest:call:DONE
2026-06-02 11:42:52,485 DEBUG - 5.621ms,make_request:call,sendbyts:395
2026-06-02 11:42:52,485 DEBUG - 5.621ms,commonrequest:call:DONE
2026-06-02 11:42:52,490 DEBUG - 5.036ms,make_request:call,sendbyts:459
2026-06-02 11:42:52,491 DEBUG - 5.036ms,commonrequest:call:DONE
2026-06-02 11:42:52,497 DEBUG - 5.120ms,make_request:call,sendbyts:395
2026-06-02 11:42:52,497 DEBUG - 5.120ms,commonrequest:call:DONE
2026-06-02 11:42:57,345 DEBUG - 5.020ms,make_request:getBlockNumber,sendbyts:71
2026-06-02 11:42:57,345 DEBUG - 5.020ms,commonrequest:getBlockNumber:DONE
2026-06-02 11:42:57,352 DEBUG - 3.020ms,make_request:getBlockNumber,sendbyts:71
2026-06-02 11:42:57,352 DEBUG - 3.020ms,commonrequest:getBlockNumber:DONE
2026-06-02 11:42:57,379 DEBUG - 16.204ms,make_request:sendRawTransaction,sendbyts:509
2026-06-02 11:42:57,379 DEBUG - 16.204ms,commonrequest:sendRawTransaction:DONE
2026-06-02 11:42:57,398 DEBUG - 18.565ms,make_request:getTransactionReceipt,sendbyts:148
2026-06-02 11:42:57,398 DEBUG - 19.065ms,commonrequest:getTransactionReceipt:DONE
2026-06-02 11:42:58,403 DEBUG - 4.561ms,make_request:getTransactionReceipt,sendbyts:148
2026-06-02 11:42:58,403 DEBUG - 4.561ms,commonrequest:getTransactionReceipt:DONE
2026-06-02 11:42:58,403 DEBUG - 1054.823ms,sendRawTransactionGetReceipt,DONE
2026-06-02 11:43:00,294 DEBUG - 4.071ms,make_request:getBlockNumber,sendbyts:71
2026-06-02 11:43:00,294 DEBUG - 4.071ms,commonrequest:getBlockNumber:DONE
2026-06-02 11:43:00,298 DEBUG - 4.038ms,make_request:getBlockNumber,sendbyts:71
2026-06-02 11:43:00,299 DEBUG - 5.042ms,commonrequest:getBlockNumber:DONE
2026-06-02 11:43:00,315 DEBUG - 15.660ms,make_request:getBlockByNumber,sendbyts:87
2026-06-02 11:43:00,315 DEBUG - 16.164ms,commonrequest:getBlockByNumber:DONE
2026-06-02 11:43:00,334 DEBUG - 15.644ms,make_request:getBlockByNumber,sendbyts:87
2026-06-02 11:43:00,334 DEBUG - 15.644ms,commonrequest:getBlockByNumber:DONE
2026-06-02 11:43:00,352 DEBUG - 16.095ms,make_request:getBlockByNumber,sendbyts:87
2026-06-02 11:43:00,353 DEBUG - 16.596ms,commonrequest:getBlockByNumber:DONE
2026-06-02 11:43:00,369 DEBUG - 16.671ms,make_request:getBlockByNumber,sendbyts:87
2026-06-02 11:43:00,370 DEBUG - 17.168ms,commonrequest:getBlockByNumber:DONE
2026-06-02 11:43:00,388 DEBUG - 15.623ms,make_request:getBlockByNumber,sendbyts:87
2026-06-02 11:43:00,389 DEBUG - 16.123ms,commonrequest:getBlockByNumber:DONE
2026-06-02 11:43:21,460 DEBUG - 4.028ms,make_request:getBlockNumber,sendbyts:71
2026-06-02 11:43:21,460 DEBUG - 4.028ms,commonrequest:getBlockNumber:DONE
2026-06-02 11:43:21,477 DEBUG - 16.147ms,make_request:call,sendbyts:395
2026-06-02 11:43:21,478 DEBUG - 16.657ms,commonrequest:call:DONE
2026-06-02 11:43:21,496 DEBUG - 17.197ms,make_request:call,sendbyts:395
2026-06-02 11:43:21,497 DEBUG - 17.737ms,commonrequest:call:DONE
2026-06-02 11:43:21,514 DEBUG - 16.680ms,make_request:call,sendbyts:459
2026-06-02 11:43:21,514 DEBUG - 16.680ms,commonrequest:call:DONE
2026-06-02 11:43:21,531 DEBUG - 16.108ms,make_request:call,sendbyts:395
2026-06-02 11:43:21,531 DEBUG - 16.108ms,commonrequest:call:DONE
2026-06-02 11:43:25,868 DEBUG - 5.046ms,make_request:getBlockNumber,sendbyts:71
2026-06-02 11:43:25,868 DEBUG - 6.047ms,commonrequest:getBlockNumber:DONE
2026-06-02 11:43:25,874 DEBUG - 4.574ms,make_request:getBlockNumber,sendbyts:71
2026-06-02 11:43:25,874 DEBUG - 5.082ms,commonrequest:getBlockNumber:DONE
2026-06-02 11:43:25,887 DEBUG - 4.540ms,make_request:sendRawTransaction,sendbyts:767
2026-06-02 11:43:25,888 DEBUG - 5.545ms,commonrequest:sendRawTransaction:DONE
2026-06-02 11:43:25,905 DEBUG - 16.631ms,make_request:getTransactionReceipt,sendbyts:148
2026-06-02 11:43:25,905 DEBUG - 16.631ms,commonrequest:getTransactionReceipt:DONE
2026-06-02 11:43:26,911 DEBUG - 5.037ms,make_request:getTransactionReceipt,sendbyts:148
2026-06-02 11:43:26,911 DEBUG - 5.037ms,commonrequest:getTransactionReceipt:DONE
2026-06-02 11:43:26,911 DEBUG - 1042.567ms,sendRawTransactionGetReceipt,DONE
2026-06-02 11:43:26,962 DEBUG - 4.535ms,make_request:getBlockNumber,sendbyts:71
2026-06-02 11:43:26,963 DEBUG - 6.046ms,commonrequest:getBlockNumber:DONE
2026-06-02 11:43:26,967 DEBUG - 4.536ms,make_request:call,sendbyts:395
2026-06-02 11:43:26,967 DEBUG - 4.536ms,commonrequest:call:DONE
2026-06-02 11:43:26,972 DEBUG - 3.515ms,make_request:call,sendbyts:395
2026-06-02 11:43:26,973 DEBUG - 4.520ms,commonrequest:call:DONE
2026-06-02 11:43:26,978 DEBUG - 4.032ms,make_request:call,sendbyts:459
2026-06-02 11:43:26,978 DEBUG - 4.032ms,commonrequest:call:DONE
2026-06-02 11:43:26,984 DEBUG - 5.054ms,make_request:call,sendbyts:395
2026-06-02 11:43:26,984 DEBUG - 5.054ms,commonrequest:call:DONE
2026-06-02 11:43:27,001 DEBUG - 16.271ms,make_request:call,sendbyts:459
2026-06-02 11:43:27,002 DEBUG - 17.278ms,commonrequest:call:DONE
2026-06-02 11:43:27,019 DEBUG - 16.103ms,make_request:call,sendbyts:395
2026-06-02 11:43:27,019 DEBUG - 16.103ms,commonrequest:call:DONE
2026-06-02 11:43:30,635 DEBUG - 5.041ms,make_request:getBlockNumber,sendbyts:72
2026-06-02 11:43:30,635 DEBUG - 5.542ms,commonrequest:getBlockNumber:DONE
2026-06-02 11:43:30,644 DEBUG - 4.544ms,make_request:getBlockNumber,sendbyts:72
2026-06-02 11:43:30,644 DEBUG - 5.048ms,commonrequest:getBlockNumber:DONE
2026-06-02 11:43:30,670 DEBUG - 16.674ms,make_request:sendRawTransaction,sendbyts:510
2026-06-02 11:43:30,670 DEBUG - 16.674ms,commonrequest:sendRawTransaction:DONE
2026-06-02 11:43:30,688 DEBUG - 17.696ms,make_request:getTransactionReceipt,sendbyts:149
2026-06-02 11:43:30,688 DEBUG - 17.696ms,commonrequest:getTransactionReceipt:DONE
2026-06-02 11:43:31,692 DEBUG - 3.524ms,make_request:getTransactionReceipt,sendbyts:149
2026-06-02 11:43:31,693 DEBUG - 4.530ms,commonrequest:getTransactionReceipt:DONE
2026-06-02 11:43:31,693 DEBUG - 1055.690ms,sendRawTransactionGetReceipt,DONE
2026-06-02 11:43:31,746 DEBUG - 4.029ms,make_request:getBlockNumber,sendbyts:72
2026-06-02 11:43:31,746 DEBUG - 4.029ms,commonrequest:getBlockNumber:DONE
2026-06-02 11:43:31,763 DEBUG - 16.209ms,make_request:call,sendbyts:396
2026-06-02 11:43:31,763 DEBUG - 16.209ms,commonrequest:call:DONE
2026-06-02 11:43:31,779 DEBUG - 15.254ms,make_request:call,sendbyts:396
2026-06-02 11:43:31,780 DEBUG - 16.260ms,commonrequest:call:DONE
2026-06-02 11:43:31,797 DEBUG - 16.125ms,make_request:call,sendbyts:460
2026-06-02 11:43:31,798 DEBUG - 16.622ms,commonrequest:call:DONE
2026-06-02 11:43:31,814 DEBUG - 15.624ms,make_request:call,sendbyts:396
2026-06-02 11:43:31,814 DEBUG - 16.125ms,commonrequest:call:DONE
2026-06-02 11:43:31,830 DEBUG - 15.149ms,make_request:call,sendbyts:460
2026-06-02 11:43:31,830 DEBUG - 15.149ms,commonrequest:call:DONE
2026-06-02 11:43:31,847 DEBUG - 16.118ms,make_request:call,sendbyts:396
2026-06-02 11:43:31,848 DEBUG - 16.621ms,commonrequest:call:DONE
2026-06-02 11:43:36,807 DEBUG - 4.573ms,make_request:getBlockNumber,sendbyts:72
2026-06-02 11:43:36,807 DEBUG - 5.073ms,commonrequest:getBlockNumber:DONE
2026-06-02 11:43:36,812 DEBUG - 4.517ms,make_request:getBlockNumber,sendbyts:72
2026-06-02 11:43:36,812 DEBUG - 4.517ms,commonrequest:getBlockNumber:DONE
2026-06-02 11:43:36,828 DEBUG - 16.623ms,make_request:getBlockByNumber,sendbyts:88
2026-06-02 11:43:36,829 DEBUG - 17.124ms,commonrequest:getBlockByNumber:DONE
2026-06-02 11:43:36,845 DEBUG - 16.179ms,make_request:getBlockByNumber,sendbyts:88
2026-06-02 11:43:36,845 DEBUG - 16.179ms,commonrequest:getBlockByNumber:DONE
2026-06-02 11:43:36,867 DEBUG - 18.112ms,make_request:getBlockByNumber,sendbyts:88
2026-06-02 11:43:36,867 DEBUG - 18.112ms,commonrequest:getBlockByNumber:DONE
2026-06-02 11:43:36,887 DEBUG - 16.091ms,make_request:getBlockByNumber,sendbyts:88
2026-06-02 11:43:36,887 DEBUG - 17.090ms,commonrequest:getBlockByNumber:DONE
2026-06-02 11:43:36,907 DEBUG - 17.118ms,make_request:getBlockByNumber,sendbyts:88
2026-06-02 11:43:36,908 DEBUG - 17.618ms,commonrequest:getBlockByNumber:DONE
2026-06-02 11:43:55,041 DEBUG - 4.505ms,make_request:getBlockNumber,sendbyts:72
2026-06-02 11:43:55,041 DEBUG - 4.505ms,commonrequest:getBlockNumber:DONE
2026-06-02 11:43:55,046 DEBUG - 4.588ms,make_request:getBlockNumber,sendbyts:72
2026-06-02 11:43:55,047 DEBUG - 5.594ms,commonrequest:getBlockNumber:DONE
2026-06-02 11:43:55,052 DEBUG - 5.027ms,make_request:getBlockByNumber,sendbyts:88
2026-06-02 11:43:55,052 DEBUG - 5.528ms,commonrequest:getBlockByNumber:DONE
2026-06-02 11:43:55,057 DEBUG - 4.626ms,make_request:getBlockByNumber,sendbyts:88
2026-06-02 11:43:55,057 DEBUG - 4.626ms,commonrequest:getBlockByNumber:DONE
2026-06-02 11:43:55,065 DEBUG - 4.542ms,make_request:getBlockByNumber,sendbyts:88
2026-06-02 11:43:55,065 DEBUG - 5.049ms,commonrequest:getBlockByNumber:DONE
2026-06-02 11:43:55,073 DEBUG - 5.535ms,make_request:getBlockByNumber,sendbyts:88
2026-06-02 11:43:55,073 DEBUG - 5.535ms,commonrequest:getBlockByNumber:DONE
2026-06-02 11:43:55,081 DEBUG - 4.529ms,make_request:getBlockByNumber,sendbyts:88
2026-06-02 11:43:55,082 DEBUG - 5.534ms,commonrequest:getBlockByNumber:DONE
2026-06-02 11:44:01,762 DEBUG - 4.521ms,make_request:getBlockNumber,sendbyts:72
2026-06-02 11:44:01,763 DEBUG - 5.526ms,commonrequest:getBlockNumber:DONE
2026-06-02 11:44:01,767 DEBUG - 4.230ms,make_request:getBlockNumber,sendbyts:72
2026-06-02 11:44:01,767 DEBUG - 4.230ms,commonrequest:getBlockNumber:DONE
2026-06-02 11:44:01,786 DEBUG - 15.745ms,make_request:getBlockByNumber,sendbyts:87
2026-06-02 11:44:01,786 DEBUG - 16.750ms,commonrequest:getBlockByNumber:DONE
2026-06-02 11:44:01,806 DEBUG - 18.702ms,make_request:getBlockByNumber,sendbyts:87
2026-06-02 11:44:01,807 DEBUG - 20.277ms,commonrequest:getBlockByNumber:DONE
2026-06-02 11:44:01,813 DEBUG - 6.547ms,make_request:getBlockByNumber,sendbyts:87
2026-06-02 11:44:01,814 DEBUG - 7.055ms,commonrequest:getBlockByNumber:DONE
2026-06-02 11:44:01,831 DEBUG - 16.268ms,make_request:getBlockByNumber,sendbyts:87
2026-06-02 11:44:01,832 DEBUG - 17.273ms,commonrequest:getBlockByNumber:DONE
2026-06-02 11:44:01,848 DEBUG - 16.582ms,make_request:getBlockByNumber,sendbyts:87
2026-06-02 11:44:01,849 DEBUG - 17.589ms,commonrequest:getBlockByNumber:DONE
2026-06-02 11:44:01,867 DEBUG - 17.087ms,make_request:getBlockByNumber,sendbyts:87
2026-06-02 11:44:01,867 DEBUG - 17.587ms,commonrequest:getBlockByNumber:DONE
2026-06-02 11:44:01,884 DEBUG - 15.702ms,make_request:getBlockByNumber,sendbyts:87
2026-06-02 11:44:01,884 DEBUG - 15.702ms,commonrequest:getBlockByNumber:DONE
2026-06-02 11:44:01,909 DEBUG - 25.199ms,make_request:getBlockByNumber,sendbyts:87
2026-06-02 11:44:01,909 DEBUG - 25.700ms,commonrequest:getBlockByNumber:DONE
2026-06-02 11:44:01,926 DEBUG - 16.644ms,make_request:getBlockByNumber,sendbyts:87
2026-06-02 11:44:01,926 DEBUG - 16.644ms,commonrequest:getBlockByNumber:DONE
2026-06-02 11:44:01,944 DEBUG - 16.694ms,make_request:getBlockByNumber,sendbyts:87
2026-06-02 11:44:01,944 DEBUG - 16.694ms,commonrequest:getBlockByNumber:DONE
2026-06-02 11:44:01,962 DEBUG - 18.185ms,make_request:getBlockByNumber,sendbyts:87
2026-06-02 11:44:01,962 DEBUG - 18.689ms,commonrequest:getBlockByNumber:DONE
2026-06-02 11:44:01,979 DEBUG - 16.812ms,make_request:getBlockByNumber,sendbyts:87
2026-06-02 11:44:01,979 DEBUG - 16.812ms,commonrequest:getBlockByNumber:DONE
2026-06-02 11:44:01,995 DEBUG - 15.154ms,make_request:getBlockByNumber,sendbyts:87
2026-06-02 11:44:01,995 DEBUG - 15.656ms,commonrequest:getBlockByNumber:DONE
2026-06-02 11:44:02,012 DEBUG - 16.662ms,make_request:getBlockByNumber,sendbyts:87
2026-06-02 11:44:02,012 DEBUG - 16.662ms,commonrequest:getBlockByNumber:DONE
2026-06-02 11:44:02,029 DEBUG - 17.129ms,make_request:getBlockByNumber,sendbyts:87
2026-06-02 11:44:02,029 DEBUG - 17.129ms,commonrequest:getBlockByNumber:DONE
2026-06-02 11:44:02,036 DEBUG - 6.534ms,make_request:getBlockByNumber,sendbyts:87
2026-06-02 11:44:02,037 DEBUG - 7.539ms,commonrequest:getBlockByNumber:DONE
2026-06-02 11:44:02,054 DEBUG - 17.166ms,make_request:getBlockByNumber,sendbyts:88
2026-06-02 11:44:02,062 DEBUG - 24.709ms,commonrequest:getBlockByNumber:DONE
2026-06-02 11:44:02,079 DEBUG - 17.605ms,make_request:getBlockByNumber,sendbyts:88
2026-06-02 11:44:02,080 DEBUG - 18.105ms,commonrequest:getBlockByNumber:DONE
2026-06-02 11:44:02,097 DEBUG - 17.132ms,make_request:getBlockByNumber,sendbyts:88
2026-06-02 11:44:02,097 DEBUG - 17.132ms,commonrequest:getBlockByNumber:DONE
2026-06-02 11:44:02,114 DEBUG - 17.129ms,make_request:getBlockByNumber,sendbyts:88
2026-06-02 11:44:02,115 DEBUG - 18.134ms,commonrequest:getBlockByNumber:DONE
2026-06-02 11:44:02,132 DEBUG - 17.186ms,make_request:getBlockByNumber,sendbyts:88
2026-06-02 11:44:02,132 DEBUG - 17.186ms,commonrequest:getBlockByNumber:DONE
2026-06-02 11:44:02,150 DEBUG - 17.645ms,make_request:getBlockByNumber,sendbyts:88
2026-06-02 11:44:02,150 DEBUG - 18.150ms,commonrequest:getBlockByNumber:DONE
2026-06-02 11:44:02,166 DEBUG - 16.168ms,make_request:getBlockByNumber,sendbyts:88
2026-06-02 11:44:02,167 DEBUG - 16.672ms,commonrequest:getBlockByNumber:DONE
2026-06-02 11:44:02,184 DEBUG - 16.737ms,make_request:getBlockByNumber,sendbyts:88
2026-06-02 11:44:02,184 DEBUG - 17.236ms,commonrequest:getBlockByNumber:DONE
2026-06-02 11:44:02,201 DEBUG - 17.178ms,make_request:getBlockByNumber,sendbyts:88
2026-06-02 11:44:02,202 DEBUG - 17.178ms,commonrequest:getBlockByNumber:DONE
2026-06-02 11:44:02,208 DEBUG - 6.535ms,make_request:getBlockByNumber,sendbyts:88
2026-06-02 11:44:02,208 DEBUG - 6.535ms,commonrequest:getBlockByNumber:DONE
2026-06-02 11:44:02,226 DEBUG - 16.687ms,make_request:getBlockByNumber,sendbyts:88
2026-06-02 11:44:02,226 DEBUG - 16.687ms,commonrequest:getBlockByNumber:DONE
2026-06-02 11:44:02,243 DEBUG - 17.436ms,make_request:getBlockByNumber,sendbyts:88
2026-06-02 11:44:02,244 DEBUG - 18.443ms,commonrequest:getBlockByNumber:DONE
2026-06-02 11:44:02,262 DEBUG - 17.851ms,make_request:getBlockByNumber,sendbyts:88
2026-06-02 11:44:02,262 DEBUG - 18.352ms,commonrequest:getBlockByNumber:DONE
2026-06-02 11:44:02,280 DEBUG - 17.328ms,make_request:getBlockByNumber,sendbyts:88
2026-06-02 11:44:02,280 DEBUG - 17.328ms,commonrequest:getBlockByNumber:DONE
2026-06-02 11:44:02,296 DEBUG - 15.626ms,make_request:getBlockByNumber,sendbyts:88
2026-06-02 11:44:02,297 DEBUG - 16.633ms,commonrequest:getBlockByNumber:DONE
2026-06-02 11:44:02,312 DEBUG - 15.636ms,make_request:getBlockByNumber,sendbyts:88
2026-06-02 11:44:02,312 DEBUG - 15.636ms,commonrequest:getBlockByNumber:DONE
2026-06-02 11:44:02,330 DEBUG - 16.262ms,make_request:getBlockByNumber,sendbyts:88
2026-06-02 11:44:02,330 DEBUG - 16.760ms,commonrequest:getBlockByNumber:DONE
2026-06-02 11:44:02,348 DEBUG - 17.665ms,make_request:getBlockByNumber,sendbyts:88
2026-06-02 11:44:02,348 DEBUG - 18.173ms,commonrequest:getBlockByNumber:DONE
2026-06-02 11:44:02,367 DEBUG - 18.234ms,make_request:getBlockByNumber,sendbyts:88
2026-06-02 11:44:02,367 DEBUG - 18.734ms,commonrequest:getBlockByNumber:DONE
2026-06-02 11:44:02,384 DEBUG - 16.742ms,make_request:getBlockByNumber,sendbyts:88
2026-06-02 11:44:02,384 DEBUG - 17.251ms,commonrequest:getBlockByNumber:DONE
2026-06-02 11:44:02,402 DEBUG - 17.652ms,make_request:getBlockByNumber,sendbyts:88
2026-06-02 11:44:02,402 DEBUG - 17.652ms,commonrequest:getBlockByNumber:DONE
2026-06-02 11:44:02,419 DEBUG - 16.655ms,make_request:getBlockByNumber,sendbyts:88
2026-06-02 11:44:02,419 DEBUG - 17.160ms,commonrequest:getBlockByNumber:DONE
